# Unsigned IPA: build failed

commit: 73d4a5d013e57d7781ce38064c19a91544b38958
run: https://github.com/vcvkk/AppleDeck/actions/runs/37498103695

## compiler

```
ios/AppleDeck/Runtime/AgentBridgeServer.swift:81:57: error: type 'IPv6Address' has no member 'ipv6Loopback'
```

## guest build

```
no guest log: the guest build did not run
```

## bundle validation and packaging

```
/Users/runner/work/AppleDeck/AppleDeck/ios/AppleDeck/Runtime/AgentBridgeServer.swift:81:57: error: type 'IPv6Address' has no member 'ipv6Loopback'
/Users/runner/work/AppleDeck/AppleDeck/ios/AppleDeck/Runtime/AgentBridgeServer.swift:81:57: error: type 'IPv6Address' has no member 'ipv6Loopback'
```

## last 40 lines of the packaging step

```
==> regenerating the project from project.yml
==> building
/Users/runner/work/AppleDeck/AppleDeck/ios/AppleDeck/Runtime/AgentBridgeServer.swift:81:57: error: type 'IPv6Address' has no member 'ipv6Loopback'
** BUILD FAILED **
build failed; refusing to package a stale app
/Users/runner/work/AppleDeck/AppleDeck/ios/AppleDeck/Runtime/AgentBridgeServer.swift:81:57: error: type 'IPv6Address' has no member 'ipv6Loopback'
```
